 
****************************************
Report : constraint
        -all_violators
Design : aes
Version: H-2013.03-SP1
Date   : Thu Mar  1 08:15:19 2018
****************************************


   min_delay/hold ('clk' group)

                             Required        Actual
   Endpoint                 Path Delay     Path Delay        Slack
   -----------------------------------------------------------------
   key_round_reg[83]/D          2.57        -201.90 f      -204.48  (VIOLATED)
   adk_in_reg[72]/D             2.57        -201.82 f      -204.39  (VIOLATED)
   key_round_reg[38]/D          2.57        -201.82 f      -204.39  (VIOLATED)
   key_round_reg[106]/D         2.63        -201.72 f      -204.35  (VIOLATED)
   key_round_reg[119]/D         2.63        -201.72 f      -204.35  (VIOLATED)
   key_round_reg[96]/D          2.63        -201.72 f      -204.35  (VIOLATED)
   key_round_reg[14]/D          2.45        -201.58 f      -204.03  (VIOLATED)
   key_round_reg[26]/D          2.63        -200.99 f      -203.62  (VIOLATED)
   key_round_reg[50]/D          2.63        -200.99 f      -203.62  (VIOLATED)
   key_round_reg[64]/D          2.63        -200.99 f      -203.62  (VIOLATED)
   adk_in_reg[108]/D            2.45        -201.15 f      -203.59  (VIOLATED)
   adk_in_reg[67]/D             2.63        -200.92 f      -203.55  (VIOLATED)
   adk_in_reg[102]/D            2.63        -200.92 f      -203.55  (VIOLATED)
   adk_in_reg[61]/D             2.57        -200.95 f      -203.53  (VIOLATED)
   adk_in_reg[96]/D             2.57        -200.95 f      -203.53  (VIOLATED)
   key_round_reg[13]/D          2.57        -200.95 f      -203.53  (VIOLATED)
   key_round_reg[81]/D          2.57        -200.95 f      -203.53  (VIOLATED)
   adk_in_reg[13]/D             2.57        -200.95 f      -203.53  (VIOLATED)
   adk_in_reg[22]/D             2.57        -200.95 f      -203.53  (VIOLATED)
   adk_in_reg[27]/D             2.57        -200.73 f      -203.30  (VIOLATED)
   adk_in_reg[44]/D             2.57        -200.73 f      -203.30  (VIOLATED)
   adk_in_reg[75]/D             2.57        -200.73 f      -203.30  (VIOLATED)
   adk_in_reg[76]/D             2.57        -200.73 f      -203.30  (VIOLATED)
   key_round_reg[108]/D         2.57        -200.73 f      -203.30  (VIOLATED)
   adk_in_reg[23]/D             2.57        -200.67 f      -203.24  (VIOLATED)
   adk_in_reg[63]/D             2.57        -200.67 f      -203.24  (VIOLATED)
   adk_in_reg[115]/D            2.57        -200.67 f      -203.24  (VIOLATED)
   key_round_reg[71]/D          2.57        -200.67 f      -203.24  (VIOLATED)
   key_round_reg[72]/D          2.57        -200.67 f      -203.24  (VIOLATED)
   adk_in_reg[93]/D             2.57        -200.67 f      -203.24  (VIOLATED)
   key_round_reg[78]/D          2.45        -200.72 f      -203.16  (VIOLATED)
   key_round_reg[111]/D         2.45        -200.72 f      -203.16  (VIOLATED)
   adk_in_reg[83]/D             2.57        -200.28 f      -202.86  (VIOLATED)
   key_round_reg[11]/D          2.57        -200.28 f      -202.86  (VIOLATED)
   key_round_reg[59]/D          2.57        -200.28 f      -202.86  (VIOLATED)
   key_round_reg[94]/D          2.57        -200.28 f      -202.86  (VIOLATED)
   key_round_reg[65]/D          2.57        -200.28 f      -202.86  (VIOLATED)
   key_round_reg[69]/D          2.57        -200.28 f      -202.86  (VIOLATED)
   key_round_reg[25]/D          2.63        -200.00 f      -202.62  (VIOLATED)
   key_round_reg[105]/D         2.63        -200.00 f      -202.62  (VIOLATED)
   key_round_reg[112]/D         2.63        -200.00 f      -202.62  (VIOLATED)
   adk_in_reg[117]/D            2.63        -199.93 f      -202.56  (VIOLATED)
   key_round_reg[17]/D          2.57        -199.86 f      -202.43  (VIOLATED)
   adk_in_reg[47]/D             2.57        -199.86 f      -202.43  (VIOLATED)
   adk_in_reg[65]/D             2.57        -199.86 f      -202.43  (VIOLATED)
   key_round_reg[68]/D          2.57        -199.86 f      -202.43  (VIOLATED)
   adk_in_reg[85]/D             2.57        -199.86 f      -202.43  (VIOLATED)
   key_round_reg[2]/D           2.57        -199.86 f      -202.43  (VIOLATED)
   adk_in_reg[19]/D             2.57        -199.85 f      -202.42  (VIOLATED)
   key_round_reg[28]/D          2.57        -199.85 f      -202.42  (VIOLATED)
   adk_in_reg[26]/D             2.57        -199.85 f      -202.42  (VIOLATED)
   adk_in_reg[119]/D            2.57        -199.85 f      -202.42  (VIOLATED)
   adk_in_reg[80]/D             2.57        -199.85 f      -202.42  (VIOLATED)
   key_round_reg[61]/D          2.57        -199.85 f      -202.42  (VIOLATED)
   key_round_reg[63]/D          2.57        -199.85 f      -202.42  (VIOLATED)
   key_round_reg[87]/D          2.57        -199.85 f      -202.42  (VIOLATED)
   key_round_reg[127]/D         2.57        -199.85 f      -202.42  (VIOLATED)
   key_round_reg[39]/D          2.57        -199.85 f      -202.42  (VIOLATED)
   adk_in_reg[35]/D             2.57        -199.78 f      -202.35  (VIOLATED)
   adk_in_reg[100]/D            2.57        -199.78 f      -202.35  (VIOLATED)
   key_round_reg[31]/D          2.57        -199.78 f      -202.35  (VIOLATED)
   adk_in_reg[30]/D             2.57        -199.78 f      -202.35  (VIOLATED)
   key_round_reg[115]/D         2.57        -199.78 f      -202.35  (VIOLATED)
   adk_in_reg[101]/D            2.57        -199.78 f      -202.35  (VIOLATED)
   key_round_reg[49]/D          2.57        -199.78 f      -202.35  (VIOLATED)
   key_round_reg[66]/D          2.63        -199.57 f      -202.20  (VIOLATED)
   key_round_reg[114]/D         2.45        -199.73 f      -202.18  (VIOLATED)
   adk_in_reg[51]/D             2.57        -199.53 f      -202.10  (VIOLATED)
   adk_in_reg[116]/D            2.57        -199.53 f      -202.10  (VIOLATED)
   adk_in_reg[88]/D             2.57        -199.53 f      -202.10  (VIOLATED)
   adk_in_reg[123]/D            2.57        -199.53 f      -202.10  (VIOLATED)
   key_round_reg[10]/D          2.57        -199.53 f      -202.10  (VIOLATED)
   key_round_reg[118]/D         2.45        -199.64 f      -202.08  (VIOLATED)
   key_round_reg[42]/D          2.45        -199.63 f      -202.08  (VIOLATED)
   adk_in_reg[86]/D             2.45        -199.62 f      -202.06  (VIOLATED)
   key_round_reg[77]/D          2.45        -199.59 f      -202.04  (VIOLATED)
   key_round_reg[54]/D          2.45        -199.59 f      -202.04  (VIOLATED)
   adk_in_reg[20]/D             2.57        -199.42 f      -202.00  (VIOLATED)
   adk_in_reg[73]/D             2.57        -199.42 f      -202.00  (VIOLATED)
   adk_in_reg[2]/D              2.57        -199.42 f      -202.00  (VIOLATED)
   adk_in_reg[53]/D             2.57        -199.42 f      -202.00  (VIOLATED)
   key_round_reg[99]/D          2.57        -199.42 f      -202.00  (VIOLATED)
   adk_in_reg[104]/D            2.57        -199.42 f      -202.00  (VIOLATED)
   adk_in_reg[126]/D            2.57        -199.42 f      -202.00  (VIOLATED)
   key_round_reg[125]/D         2.57        -199.42 f      -202.00  (VIOLATED)
   adk_in_reg[32]/D             2.57        -199.42 f      -202.00  (VIOLATED)
   key_round_reg[123]/D         2.57        -199.42 f      -202.00  (VIOLATED)
   key_round_reg[4]/D           2.57        -198.90 f      -201.47  (VIOLATED)
   adk_in_reg[109]/D            2.57        -198.90 f      -201.47  (VIOLATED)
   adk_in_reg[45]/D             2.57        -198.90 f      -201.47  (VIOLATED)
   key_round_reg[55]/D          2.57        -198.90 f      -201.47  (VIOLATED)
   key_round_reg[92]/D          2.57        -198.90 f      -201.47  (VIOLATED)
   adk_in_reg[84]/D             2.57        -198.88 f      -201.45  (VIOLATED)
   adk_in_reg[99]/D             2.57        -198.88 f      -201.45  (VIOLATED)
   adk_in_reg[71]/D             2.57        -198.88 f      -201.45  (VIOLATED)
   key_round_reg[8]/D           2.57        -198.88 f      -201.45  (VIOLATED)
   key_round_reg[76]/D          2.57        -198.88 f      -201.45  (VIOLATED)
   key_round_reg[121]/D         2.57        -198.88 f      -201.45  (VIOLATED)
   adk_in_reg[37]/D             2.57        -198.88 f      -201.45  (VIOLATED)
   adk_in_reg[58]/D             2.57        -198.88 f      -201.45  (VIOLATED)
   adk_in_reg[78]/D             2.57        -198.88 f      -201.45  (VIOLATED)
   adk_in_reg[127]/D            2.57        -198.88 f      -201.45  (VIOLATED)
   key_round_reg[1]/D           2.63        -198.81 f      -201.44  (VIOLATED)
   key_round_reg[47]/D          2.63        -198.81 f      -201.44  (VIOLATED)
   key_round_reg[84]/D          2.63        -198.81 f      -201.44  (VIOLATED)
   key_round_reg[109]/D         2.63        -198.81 f      -201.44  (VIOLATED)
   adk_in_reg[87]/D             2.57        -198.79 f      -201.36  (VIOLATED)
   adk_in_reg[8]/D              2.57        -198.79 f      -201.36  (VIOLATED)
   key_round_reg[75]/D          2.57        -198.79 f      -201.36  (VIOLATED)
   key_round_reg[86]/D          2.57        -198.79 f      -201.36  (VIOLATED)
   key_round_reg[102]/D         2.57        -198.79 f      -201.36  (VIOLATED)
   key_round_reg[113]/D         2.57        -198.79 f      -201.36  (VIOLATED)
   adk_in_reg[74]/D             2.57        -198.79 f      -201.36  (VIOLATED)
   adk_in_reg[125]/D            2.57        -198.79 f      -201.36  (VIOLATED)
   key_round_reg[53]/D          2.57        -198.79 f      -201.36  (VIOLATED)
   adk_in_reg[89]/D             2.57        -198.77 f      -201.34  (VIOLATED)
   adk_in_reg[90]/D             2.57        -198.77 f      -201.34  (VIOLATED)
   adk_in_reg[103]/D            2.57        -198.77 f      -201.34  (VIOLATED)
   key_round_reg[95]/D          2.57        -198.77 f      -201.34  (VIOLATED)
   adk_in_reg[38]/D             2.57        -198.77 f      -201.34  (VIOLATED)
   adk_in_reg[31]/D             2.57        -198.77 f      -201.34  (VIOLATED)
   adk_in_reg[82]/D             2.57        -198.77 f      -201.34  (VIOLATED)
   key_round_reg[37]/D          2.57        -198.77 f      -201.34  (VIOLATED)
   key_round_reg[45]/D          2.57        -198.77 f      -201.34  (VIOLATED)
   adk_in_reg[1]/D              2.57        -198.77 f      -201.34  (VIOLATED)
   adk_in_reg[12]/D             2.57        -198.77 f      -201.34  (VIOLATED)
   adk_in_reg[25]/D             2.57        -198.77 f      -201.34  (VIOLATED)
   adk_in_reg[97]/D             2.57        -198.77 f      -201.34  (VIOLATED)
   key_round_reg[23]/D          2.57        -198.77 f      -201.34  (VIOLATED)
   adk_in_reg[33]/D             2.57        -198.77 f      -201.34  (VIOLATED)
   adk_in_reg[77]/D             2.57        -198.77 f      -201.34  (VIOLATED)
   key_round_reg[74]/D          2.57        -198.77 f      -201.34  (VIOLATED)
   adk_in_reg[98]/D             2.57        -198.77 f      -201.34  (VIOLATED)
   key_round_reg[89]/D          2.57        -198.77 f      -201.34  (VIOLATED)
   adk_in_reg[50]/D             2.57        -198.76 f      -201.33  (VIOLATED)
   adk_in_reg[4]/D              2.57        -198.72 f      -201.29  (VIOLATED)
   adk_in_reg[41]/D             2.57        -198.72 f      -201.29  (VIOLATED)
   adk_in_reg[42]/D             2.57        -198.72 f      -201.29  (VIOLATED)
   adk_in_reg[60]/D             2.57        -198.72 f      -201.29  (VIOLATED)
   key_round_reg[12]/D          2.57        -198.72 f      -201.29  (VIOLATED)
   adk_in_reg[95]/D             2.57        -198.72 f      -201.29  (VIOLATED)
   key_round_reg[60]/D          2.57        -198.72 f      -201.29  (VIOLATED)
   key_round_reg[22]/D          2.57        -198.72 f      -201.29  (VIOLATED)
   key_round_reg[58]/D          2.57        -198.72 f      -201.29  (VIOLATED)
   adk_in_reg[69]/D             2.57        -198.72 f      -201.29  (VIOLATED)
   key_round_reg[122]/D         2.57        -198.72 f      -201.29  (VIOLATED)
   adk_in_reg[124]/D            2.57        -198.69 f      -201.26  (VIOLATED)
   adk_in_reg[40]/D             2.57        -198.69 f      -201.26  (VIOLATED)
   adk_in_reg[79]/D             2.57        -198.69 f      -201.26  (VIOLATED)
   key_round_reg[97]/D          2.57        -198.69 f      -201.26  (VIOLATED)
   adk_in_reg[111]/D            2.63        -198.47 f      -201.10  (VIOLATED)
   key_round_reg[46]/D          2.63        -198.47 f      -201.10  (VIOLATED)
   key_round_reg[56]/D          2.63        -198.47 f      -201.10  (VIOLATED)
   key_round_reg[103]/D         2.63        -198.47 f      -201.10  (VIOLATED)
   key_round_reg[107]/D         2.63        -198.47 f      -201.10  (VIOLATED)
   adk_in_reg[112]/D            2.63        -198.40 f      -201.03  (VIOLATED)
   adk_in_reg[16]/D             2.63        -198.40 f      -201.03  (VIOLATED)
   adk_in_reg[59]/D             2.63        -198.40 f      -201.03  (VIOLATED)
   adk_in_reg[70]/D             2.63        -198.40 f      -201.03  (VIOLATED)
   adk_in_reg[5]/D              2.61        -198.39 f      -201.00  (VIOLATED)
   adk_in_reg[3]/D              2.57        -198.23 f      -200.80  (VIOLATED)
   adk_in_reg[28]/D             2.57        -198.23 f      -200.80  (VIOLATED)
   adk_in_reg[36]/D             2.57        -198.23 f      -200.80  (VIOLATED)
   adk_in_reg[52]/D             2.57        -198.23 f      -200.80  (VIOLATED)
   adk_in_reg[92]/D             2.57        -198.23 f      -200.80  (VIOLATED)
   key_round_reg[19]/D          2.57        -198.23 f      -200.80  (VIOLATED)
   adk_in_reg[15]/D             2.57        -198.23 f      -200.80  (VIOLATED)
   key_round_reg[15]/D          2.57        -198.23 f      -200.80  (VIOLATED)
   adk_in_reg[46]/D             2.57        -198.23 f      -200.80  (VIOLATED)
   adk_in_reg[6]/D              2.57        -198.23 f      -200.80  (VIOLATED)
   key_round_reg[29]/D          2.57        -198.23 f      -200.80  (VIOLATED)
   key_round_reg[67]/D          2.57        -198.23 f      -200.80  (VIOLATED)
   key_round_reg[82]/D          2.57        -198.23 f      -200.80  (VIOLATED)
   key_round_reg[85]/D          2.57        -198.23 f      -200.80  (VIOLATED)
   key_round_reg[100]/D         2.57        -198.23 f      -200.80  (VIOLATED)
   key_round_reg[124]/D         2.57        -198.23 f      -200.80  (VIOLATED)
   adk_in_reg[94]/D             2.57        -198.23 f      -200.80  (VIOLATED)
   adk_in_reg[118]/D            2.57        -198.23 f      -200.80  (VIOLATED)
   key_round_reg[41]/D          2.57        -198.23 f      -200.80  (VIOLATED)
   key_round_reg[48]/D          2.57        -198.23 f      -200.80  (VIOLATED)
   key_round_reg[90]/D          2.57        -198.23 f      -200.80  (VIOLATED)
   key_round_reg[91]/D          2.57        -198.23 f      -200.80  (VIOLATED)
   key_round_reg[116]/D         2.57        -198.23 f      -200.80  (VIOLATED)
   key_round_reg[117]/D         2.57        -198.23 f      -200.80  (VIOLATED)
   key_round_reg[5]/D           2.63        -198.15 f      -200.78  (VIOLATED)
   key_round_reg[9]/D           2.63        -198.15 f      -200.78  (VIOLATED)
   key_round_reg[16]/D          2.63        -198.15 f      -200.78  (VIOLATED)
   key_round_reg[30]/D          2.63        -198.15 f      -200.78  (VIOLATED)
   key_round_reg[57]/D          2.63        -198.15 f      -200.78  (VIOLATED)
   key_round_reg[79]/D          2.63        -198.15 f      -200.78  (VIOLATED)
   key_round_reg[101]/D         2.63        -198.15 f      -200.78  (VIOLATED)
   key_round_reg[126]/D         2.63        -198.15 f      -200.78  (VIOLATED)
   adk_in_reg[106]/D            2.57        -198.14 f      -200.71  (VIOLATED)
   adk_in_reg[107]/D            2.57        -198.14 f      -200.71  (VIOLATED)
   adk_in_reg[122]/D            2.57        -198.14 f      -200.71  (VIOLATED)
   adk_in_reg[7]/D              2.57        -198.14 f      -200.71  (VIOLATED)
   key_round_reg[110]/D         2.57        -198.14 f      -200.71  (VIOLATED)
   key_round_reg[32]/D          2.57        -198.14 f      -200.71  (VIOLATED)
   key_round_reg[33]/D          2.57        -198.14 f      -200.71  (VIOLATED)
   key_round_reg[18]/D          2.63        -198.08 f      -200.71  (VIOLATED)
   key_round_reg[21]/D          2.63        -198.08 f      -200.71  (VIOLATED)
   key_round_reg[35]/D          2.63        -198.08 f      -200.71  (VIOLATED)
   key_round_reg[40]/D          2.63        -198.08 f      -200.71  (VIOLATED)
   key_round_reg[88]/D          2.63        -198.08 f      -200.71  (VIOLATED)
   adk_in_reg[9]/D              2.57        -198.08 f      -200.66  (VIOLATED)
   adk_in_reg[57]/D             2.57        -198.08 f      -200.66  (VIOLATED)
   key_round_reg[3]/D           2.57        -198.08 f      -200.66  (VIOLATED)
   key_round_reg[7]/D           2.57        -198.08 f      -200.66  (VIOLATED)
   adk_in_reg[43]/D             2.57        -198.08 f      -200.66  (VIOLATED)
   adk_in_reg[49]/D             2.57        -198.08 f      -200.66  (VIOLATED)
   adk_in_reg[55]/D             2.57        -198.08 f      -200.66  (VIOLATED)
   key_round_reg[20]/D          2.57        -198.08 f      -200.66  (VIOLATED)
   adk_in_reg[110]/D            2.57        -198.08 f      -200.66  (VIOLATED)
   adk_in_reg[0]/D              2.57        -198.08 f      -200.66  (VIOLATED)
   key_round_reg[24]/D          2.57        -198.08 f      -200.66  (VIOLATED)
   key_round_reg[80]/D          2.57        -198.08 f      -200.66  (VIOLATED)
   adk_in_reg[29]/D             2.57        -198.08 f      -200.65  (VIOLATED)
   key_round_reg[36]/D          2.57        -198.08 f      -200.65  (VIOLATED)
   key_round_reg[51]/D          2.57        -198.08 f      -200.65  (VIOLATED)
   key_round_reg[120]/D         2.57        -198.08 f      -200.65  (VIOLATED)
   adk_in_reg[17]/D             2.57        -198.02 f      -200.59  (VIOLATED)
   adk_in_reg[39]/D             2.57        -198.02 f      -200.59  (VIOLATED)
   adk_in_reg[68]/D             2.57        -198.02 f      -200.59  (VIOLATED)
   adk_in_reg[81]/D             2.57        -198.02 f      -200.59  (VIOLATED)
   adk_in_reg[10]/D             2.57        -198.02 f      -200.59  (VIOLATED)
   adk_in_reg[11]/D             2.57        -198.02 f      -200.59  (VIOLATED)
   adk_in_reg[121]/D            2.57        -198.02 f      -200.59  (VIOLATED)
   adk_in_reg[62]/D             2.57        -198.02 f      -200.59  (VIOLATED)
   adk_in_reg[64]/D             2.57        -198.02 f      -200.59  (VIOLATED)
   adk_in_reg[120]/D            2.57        -198.02 f      -200.59  (VIOLATED)
   key_round_reg[43]/D          2.57        -198.02 f      -200.59  (VIOLATED)
   key_round_reg[52]/D          2.57        -198.02 f      -200.59  (VIOLATED)
   key_round_reg[62]/D          2.57        -197.55 f      -200.12  (VIOLATED)
   adk_in_reg[24]/D             2.57        -197.55 f      -200.12  (VIOLATED)
   adk_in_reg[66]/D             2.57        -197.55 f      -200.12  (VIOLATED)
   adk_in_reg[114]/D            2.57        -197.55 f      -200.12  (VIOLATED)
   key_round_reg[6]/D           2.57        -197.55 f      -200.12  (VIOLATED)
   key_round_reg[104]/D         2.57        -197.55 f      -200.12  (VIOLATED)
   adk_in_reg[54]/D             2.70        -186.70 r      -189.40  (VIOLATED)
   adk_in_reg[34]/D             2.70        -186.70 r      -189.40  (VIOLATED)
   key_round_reg[70]/D          2.70        -186.70 r      -189.40  (VIOLATED)
   key_round_reg[93]/D          2.70        -186.70 r      -189.40  (VIOLATED)
   adk_in_reg[105]/D            2.70        -186.70 r      -189.40  (VIOLATED)
   adk_in_reg[113]/D            2.70        -186.70 r      -189.40  (VIOLATED)
   adk_in_reg[48]/D             2.70        -185.84 r      -188.53  (VIOLATED)
   key_round_reg[0]/D           2.70        -185.84 r      -188.53  (VIOLATED)
   adk_in_reg[14]/D             2.70        -185.84 r      -188.53  (VIOLATED)
   adk_in_reg[91]/D             2.70        -185.80 r      -188.50  (VIOLATED)
   adk_in_reg[18]/D             2.70        -185.80 r      -188.50  (VIOLATED)
   adk_in_reg[56]/D             2.70        -185.80 r      -188.50  (VIOLATED)
   key_round_reg[27]/D          2.70        -185.80 r      -188.50  (VIOLATED)
   key_round_reg[73]/D          2.70        -185.80 r      -188.50  (VIOLATED)
   adk_in_reg[21]/D             2.77        -185.51 r      -188.27  (VIOLATED)
   key_round_reg[98]/D          2.77        -184.73 r      -187.50  (VIOLATED)
   key_round_reg[34]/D          2.77        -184.73 r      -187.50  (VIOLATED)
   key_round_reg[44]/D          2.77        -184.73 r      -187.50  (VIOLATED)
   round_number_reg[1]/D        2.61        -169.64 f      -172.25  (VIOLATED)
   round_number_reg[2]/D        2.61        -169.03 f      -171.63  (VIOLATED)
   round_number_reg[3]/D        2.61        -169.00 f      -171.61  (VIOLATED)
   round_number_reg[0]/D        2.66        -168.85 f      -171.51  (VIOLATED)


   max_area

                             Required        Actual
   Design                      Area           Area           Slack
   -----------------------------------------------------------------
   aes                          0.00       39055.97       -39055.97 (VIOLATED)


1
