Information: Changed wire load model for 'FSM' from '(none)' to 'ForQA'. (OPT-170)
Information: Changed wire load model for 'keygen' from '(none)' to 'ForQA'. (OPT-170)
Information: Changed wire load model for 'Get_key' from '(none)' to 'ForQA'. (OPT-170)
Information: Changed wire load model for 'inv_Mix_Column' from '(none)' to 'ForQA'. (OPT-170)
Information: Changed wire load model for 'inv_add_round_keys' from '(none)' to 'ForQA'. (OPT-170)
Information: Changed wire load model for 'inv_sbox' from '(none)' to 'ForQA'. (OPT-170)
Information: Changed wire load model for 'inv_sbox' from '(none)' to 'ForQA'. (OPT-170)
Information: Changed wire load model for 'inv_sbox' from '(none)' to 'ForQA'. (OPT-170)
Information: Changed wire load model for 'inv_sbox' from '(none)' to 'ForQA'. (OPT-170)
Information: Changed wire load model for 'inv_sbox' from '(none)' to 'ForQA'. (OPT-170)
Information: Changed wire load model for 'inv_sbox' from '(none)' to 'ForQA'. (OPT-170)
Information: Changed wire load model for 'inv_sbox' from '(none)' to 'ForQA'. (OPT-170)
Information: Changed wire load model for 'inv_sbox' from '(none)' to 'ForQA'. (OPT-170)
Information: Changed wire load model for 'inv_sbox' from '(none)' to 'ForQA'. (OPT-170)
Information: Changed wire load model for 'inv_sbox' from '(none)' to 'ForQA'. (OPT-170)
Information: Changed wire load model for 'inv_sbox' from '(none)' to 'ForQA'. (OPT-170)
Information: Changed wire load model for 'inv_sbox' from '(none)' to 'ForQA'. (OPT-170)
Information: Changed wire load model for 'inv_sbox' from '(none)' to 'ForQA'. (OPT-170)
Information: Changed wire load model for 'inv_sbox' from '(none)' to 'ForQA'. (OPT-170)
Information: Changed wire load model for 'inv_sbox' from '(none)' to 'ForQA'. (OPT-170)
Information: Changed wire load model for 'inv_sbox' from '(none)' to 'ForQA'. (OPT-170)
Information: Changed wire load model for 'inv_subbytes' from '(none)' to 'ForQA'. (OPT-170)
Information: Changed wire load model for 'inv_shift_rows' from '(none)' to 'ForQA'. (OPT-170)
Information: Changed wire load model for 'inv_round' from '(none)' to 'ForQA'. (OPT-170)
Information: Changed wire load model for 'add_round_keys' from '(none)' to 'ForQA'. (OPT-170)
Information: Changed wire load model for 'Mix_Column' from '(none)' to 'ForQA'. (OPT-170)
Information: Changed wire load model for 'shift_rows' from '(none)' to 'ForQA'. (OPT-170)
Information: Changed wire load model for 'sbox' from '(none)' to 'ForQA'. (OPT-170)
Information: Changed wire load model for 'sbox' from '(none)' to 'ForQA'. (OPT-170)
Information: Changed wire load model for 'sbox' from '(none)' to 'ForQA'. (OPT-170)
Information: Changed wire load model for 'sbox' from '(none)' to 'ForQA'. (OPT-170)
Information: Changed wire load model for 'sbox' from '(none)' to 'ForQA'. (OPT-170)
Information: Changed wire load model for 'sbox' from '(none)' to 'ForQA'. (OPT-170)
Information: Changed wire load model for 'sbox' from '(none)' to 'ForQA'. (OPT-170)
Information: Changed wire load model for 'sbox' from '(none)' to 'ForQA'. (OPT-170)
Information: Changed wire load model for 'sbox' from '(none)' to 'ForQA'. (OPT-170)
Information: Changed wire load model for 'sbox' from '(none)' to 'ForQA'. (OPT-170)
Information: Changed wire load model for 'sbox' from '(none)' to 'ForQA'. (OPT-170)
Information: Changed wire load model for 'sbox' from '(none)' to 'ForQA'. (OPT-170)
Information: Changed wire load model for 'sbox' from '(none)' to 'ForQA'. (OPT-170)
Information: Changed wire load model for 'sbox' from '(none)' to 'ForQA'. (OPT-170)
Information: Changed wire load model for 'sbox' from '(none)' to 'ForQA'. (OPT-170)
Information: Changed wire load model for 'sbox' from '(none)' to 'ForQA'. (OPT-170)
Information: Changed wire load model for 'subbytes' from '(none)' to 'ForQA'. (OPT-170)
Information: Changed wire load model for 'keygen' from '(none)' to 'ForQA'. (OPT-170)
Information: Changed wire load model for 'round' from '(none)' to 'ForQA'. (OPT-170)
Information: Changed wire load model for 'add_round_keys' from '(none)' to 'ForQA'. (OPT-170)
Information: Changed wire load model for 'encoder_2_1' from '(none)' to 'ForQA'. (OPT-170)
Information: Changed wire load model for 'encoder_2_1' from '(none)' to 'ForQA'. (OPT-170)
Information: Changed wire load model for 'encoder_2_1' from '(none)' to 'ForQA'. (OPT-170)
Information: Changed wire load model for 'encoder_2_1' from '(none)' to 'ForQA'. (OPT-170)
Information: Changed wire load model for 'encoder_2_1' from '(none)' to 'ForQA'. (OPT-170)
Information: Changed wire load model for 'encoder_2_1' from '(none)' to 'ForQA'. (OPT-170)
Information: Changed wire load model for 'encoder_2_1' from '(none)' to 'ForQA'. (OPT-170)
Information: Changed wire load model for 'encoder_2_1' from '(none)' to 'ForQA'. (OPT-170)
Information: Changed wire load model for 'encoder_WIDTH16' from '(none)' to 'ForQA'. (OPT-170)
Information: Changed wire load model for 'ram_dp_DATA_WIDTH4_ADDR_WIDTH4' from '(none)' to 'ForQA'. (OPT-170)
Information: Changed wire load model for 'ram_dp_DATA_WIDTH4_ADDR_WIDTH4' from '(none)' to 'ForQA'. (OPT-170)
Information: Changed wire load model for 'ram_dp_DATA_WIDTH4_ADDR_WIDTH4' from '(none)' to 'ForQA'. (OPT-170)
Information: Changed wire load model for 'ram_dp_DATA_WIDTH4_ADDR_WIDTH4' from '(none)' to 'ForQA'. (OPT-170)
Information: Changed wire load model for 'ram_dp_DATA_WIDTH4_ADDR_WIDTH4' from '(none)' to 'ForQA'. (OPT-170)
Information: Changed wire load model for 'ram_dp_DATA_WIDTH4_ADDR_WIDTH4' from '(none)' to 'ForQA'. (OPT-170)
Information: Changed wire load model for 'ram_dp_DATA_WIDTH4_ADDR_WIDTH4' from '(none)' to 'ForQA'. (OPT-170)
Information: Changed wire load model for 'ram_dp_DATA_WIDTH4_ADDR_WIDTH4' from '(none)' to 'ForQA'. (OPT-170)
Information: Changed wire load model for 'ram_dp_DATA_WIDTH4_ADDR_WIDTH4' from '(none)' to 'ForQA'. (OPT-170)
Information: Changed wire load model for 'ram_dp_DATA_WIDTH4_ADDR_WIDTH4' from '(none)' to 'ForQA'. (OPT-170)
Information: Changed wire load model for 'ram_dp_DATA_WIDTH4_ADDR_WIDTH4' from '(none)' to 'ForQA'. (OPT-170)
Information: Changed wire load model for 'ram_dp_DATA_WIDTH4_ADDR_WIDTH4' from '(none)' to 'ForQA'. (OPT-170)
Information: Changed wire load model for 'ram_dp_DATA_WIDTH4_ADDR_WIDTH4' from '(none)' to 'ForQA'. (OPT-170)
Information: Changed wire load model for 'ram_dp_DATA_WIDTH4_ADDR_WIDTH4' from '(none)' to 'ForQA'. (OPT-170)
Information: Changed wire load model for 'ram_dp_DATA_WIDTH4_ADDR_WIDTH4' from '(none)' to 'ForQA'. (OPT-170)
Information: Changed wire load model for 'ram_dp_DATA_WIDTH4_ADDR_WIDTH4' from '(none)' to 'ForQA'. (OPT-170)
Information: Changed wire load model for 'ram_dp_DATA_WIDTH4_ADDR_WIDTH4' from '(none)' to 'ForQA'. (OPT-170)
Information: Changed wire load model for 'ram_dp_DATA_WIDTH4_ADDR_WIDTH4' from '(none)' to 'ForQA'. (OPT-170)
Information: Changed wire load model for 'ram_dp_DATA_WIDTH4_ADDR_WIDTH4' from '(none)' to 'ForQA'. (OPT-170)
Information: Changed wire load model for 'ram_dp_DATA_WIDTH4_ADDR_WIDTH4' from '(none)' to 'ForQA'. (OPT-170)
Information: Changed wire load model for 'ram_dp_DATA_WIDTH4_ADDR_WIDTH4' from '(none)' to 'ForQA'. (OPT-170)
Information: Changed wire load model for 'ram_dp_DATA_WIDTH4_ADDR_WIDTH4' from '(none)' to 'ForQA'. (OPT-170)
Information: Changed wire load model for 'ram_dp_DATA_WIDTH4_ADDR_WIDTH4' from '(none)' to 'ForQA'. (OPT-170)
Information: Changed wire load model for 'ram_dp_DATA_WIDTH4_ADDR_WIDTH4' from '(none)' to 'ForQA'. (OPT-170)
Information: Changed wire load model for 'ram_dp_DATA_WIDTH4_ADDR_WIDTH4' from '(none)' to 'ForQA'. (OPT-170)
Information: Changed wire load model for 'ram_dp_DATA_WIDTH4_ADDR_WIDTH4' from '(none)' to 'ForQA'. (OPT-170)
Information: Changed wire load model for 'ram_dp_DATA_WIDTH4_ADDR_WIDTH4' from '(none)' to 'ForQA'. (OPT-170)
Information: Changed wire load model for 'ram_dp_DATA_WIDTH4_ADDR_WIDTH4' from '(none)' to 'ForQA'. (OPT-170)
Information: Changed wire load model for 'ram_dp_DATA_WIDTH4_ADDR_WIDTH4' from '(none)' to 'ForQA'. (OPT-170)
Information: Changed wire load model for 'ram_dp_DATA_WIDTH4_ADDR_WIDTH4' from '(none)' to 'ForQA'. (OPT-170)
Information: Changed wire load model for 'ram_dp_DATA_WIDTH4_ADDR_WIDTH4' from '(none)' to 'ForQA'. (OPT-170)
Information: Changed wire load model for 'ram_dp_DATA_WIDTH4_ADDR_WIDTH4' from '(none)' to 'ForQA'. (OPT-170)
Information: Changed wire load model for 'cam_DATA_WIDTH128_ADDR_WIDTH4' from '(none)' to 'ForQA'. (OPT-170)
Information: Changed wire load model for 'reg_D' from '(none)' to 'ForQA'. (OPT-170)
Information: Changed wire load model for 'reg_D' from '(none)' to 'ForQA'. (OPT-170)
Information: Changed wire load model for 'reg_D' from '(none)' to 'ForQA'. (OPT-170)
Information: Changed wire load model for 'reg_D' from '(none)' to 'ForQA'. (OPT-170)
Information: Changed wire load model for 'reg_D' from '(none)' to 'ForQA'. (OPT-170)
Information: Changed wire load model for 'reg_D' from '(none)' to 'ForQA'. (OPT-170)
Information: Changed wire load model for 'reg_D' from '(none)' to 'ForQA'. (OPT-170)
Information: Changed wire load model for 'cde' from '(none)' to 'ForQA'. (OPT-170)
Information: Changed wire load model for 'Top_level' from '(none)' to 'ForQA'. (OPT-170)
Information: Changed wire load model for 'RAM_memory' from '(none)' to 'ForQA'. (OPT-170)
Information: Updating graph... (UID-83)
Warning: Design 'Hw_wrapper' contains 38 high-fanout nets. A fanout number of 1000 will be used for delay calculations involving these nets. (TIM-134)
 
****************************************
Report : clocks
Design : Hw_wrapper
Version: H-2013.03-SP1
Date   : Thu Aug 23 06:54:14 2018
****************************************

No clocks in this design.

1
